// Jest Snapshot v1, https://goo.gl/fbAQLP

exports[`App Renders correctly 1`] = `
<div
  className="container"
>
  <div
    className="title"
  >
    React Boilerplate
  </div>
</div>
`;
